
[2026-08-01T01:29:34.209Z] GET /uploads/apartment-1783891310855-164520365.jpg
Error: general.route_not_found
    at notFound (/home/noorelmobashar/Projects/SmartSpaceAI/back-end/src/middlewares/notFound.middleware.js:8:8)
    at Layer.handleRequest (/home/noorelmobashar/Projects/SmartSpaceAI/back-end/node_modules/router/lib/layer.js:152:17)
    at trimPrefix (/home/noorelmobashar/Projects/SmartSpaceAI/back-end/node_modules/router/index.js:342:13)
    at /home/noorelmobashar/Projects/SmartSpaceAI/back-end/node_modules/router/index.js:297:9
    at processParams (/home/noorelmobashar/Projects/SmartSpaceAI/back-end/node_modules/router/index.js:582:12)
    at next (/home/noorelmobashar/Projects/SmartSpaceAI/back-end/node_modules/router/index.js:291:5)
    at SendStream.error (/home/noorelmobashar/Projects/SmartSpaceAI/back-end/node_modules/serve-static/index.js:120:7)
    at SendStream.emit (node:events:519:28)
    at SendStream.error (/home/noorelmobashar/Projects/SmartSpaceAI/back-end/node_modules/send/index.js:168:17)
    at SendStream.onStatError (/home/noorelmobashar/Projects/SmartSpaceAI/back-end/node_modules/send/index.js:315:12)

[2026-08-01T01:29:35.599Z] GET /uploads/room-1783892061524-30089817.jpg
Error: general.route_not_found
    at notFound (/home/noorelmobashar/Projects/SmartSpaceAI/back-end/src/middlewares/notFound.middleware.js:8:8)
    at Layer.handleRequest (/home/noorelmobashar/Projects/SmartSpaceAI/back-end/node_modules/router/lib/layer.js:152:17)
    at trimPrefix (/home/noorelmobashar/Projects/SmartSpaceAI/back-end/node_modules/router/index.js:342:13)
    at /home/noorelmobashar/Projects/SmartSpaceAI/back-end/node_modules/router/index.js:297:9
    at processParams (/home/noorelmobashar/Projects/SmartSpaceAI/back-end/node_modules/router/index.js:582:12)
    at next (/home/noorelmobashar/Projects/SmartSpaceAI/back-end/node_modules/router/index.js:291:5)
    at SendStream.error (/home/noorelmobashar/Projects/SmartSpaceAI/back-end/node_modules/serve-static/index.js:120:7)
    at SendStream.emit (node:events:519:28)
    at SendStream.error (/home/noorelmobashar/Projects/SmartSpaceAI/back-end/node_modules/send/index.js:168:17)
    at SendStream.onStatError (/home/noorelmobashar/Projects/SmartSpaceAI/back-end/node_modules/send/index.js:315:12)

[2026-08-01T01:29:56.692Z] POST /api/generations/6a6a23ae1b3a687c2a49e8c2/save-products
Error: auth.invalid_token
    at /home/noorelmobashar/Projects/SmartSpaceAI/back-end/src/middlewares/auth.middleware.js:36:17
    at /home/noorelmobashar/Projects/SmartSpaceAI/back-end/src/utils/asyncHandler.js:3:21
    at Layer.handleRequest (/home/noorelmobashar/Projects/SmartSpaceAI/back-end/node_modules/router/lib/layer.js:152:17)
    at next (/home/noorelmobashar/Projects/SmartSpaceAI/back-end/node_modules/router/lib/route.js:157:13)
    at Route.dispatch (/home/noorelmobashar/Projects/SmartSpaceAI/back-end/node_modules/router/lib/route.js:117:3)
    at handle (/home/noorelmobashar/Projects/SmartSpaceAI/back-end/node_modules/router/index.js:435:11)
    at Layer.handleRequest (/home/noorelmobashar/Projects/SmartSpaceAI/back-end/node_modules/router/lib/layer.js:152:17)
    at /home/noorelmobashar/Projects/SmartSpaceAI/back-end/node_modules/router/index.js:295:15
    at param (/home/noorelmobashar/Projects/SmartSpaceAI/back-end/node_modules/router/index.js:600:14)
    at param (/home/noorelmobashar/Projects/SmartSpaceAI/back-end/node_modules/router/index.js:610:14)

[2026-08-01T01:29:56.711Z] POST /api/auth/refresh
Error: auth.invalid_refresh
    at Object.refresh (/home/noorelmobashar/Projects/SmartSpaceAI/back-end/src/services/auth.service.js:134:11)
    at /home/noorelmobashar/Projects/SmartSpaceAI/back-end/src/controllers/auth.controller.js:88:65
    at /home/noorelmobashar/Projects/SmartSpaceAI/back-end/src/utils/asyncHandler.js:3:21
    at Layer.handleRequest (/home/noorelmobashar/Projects/SmartSpaceAI/back-end/node_modules/router/lib/layer.js:152:17)
    at next (/home/noorelmobashar/Projects/SmartSpaceAI/back-end/node_modules/router/lib/route.js:157:13)
    at Route.dispatch (/home/noorelmobashar/Projects/SmartSpaceAI/back-end/node_modules/router/lib/route.js:117:3)
    at handle (/home/noorelmobashar/Projects/SmartSpaceAI/back-end/node_modules/router/index.js:435:11)
    at Layer.handleRequest (/home/noorelmobashar/Projects/SmartSpaceAI/back-end/node_modules/router/lib/layer.js:152:17)
    at /home/noorelmobashar/Projects/SmartSpaceAI/back-end/node_modules/router/index.js:295:15
    at processParams (/home/noorelmobashar/Projects/SmartSpaceAI/back-end/node_modules/router/index.js:582:12)

[2026-08-01T01:29:59.360Z] GET /uploads/apartment-1783891310855-164520365.jpg
Error: general.route_not_found
    at notFound (/home/noorelmobashar/Projects/SmartSpaceAI/back-end/src/middlewares/notFound.middleware.js:8:8)
    at Layer.handleRequest (/home/noorelmobashar/Projects/SmartSpaceAI/back-end/node_modules/router/lib/layer.js:152:17)
    at trimPrefix (/home/noorelmobashar/Projects/SmartSpaceAI/back-end/node_modules/router/index.js:342:13)
    at /home/noorelmobashar/Projects/SmartSpaceAI/back-end/node_modules/router/index.js:297:9
    at processParams (/home/noorelmobashar/Projects/SmartSpaceAI/back-end/node_modules/router/index.js:582:12)
    at next (/home/noorelmobashar/Projects/SmartSpaceAI/back-end/node_modules/router/index.js:291:5)
    at SendStream.error (/home/noorelmobashar/Projects/SmartSpaceAI/back-end/node_modules/serve-static/index.js:120:7)
    at SendStream.emit (node:events:519:28)
    at SendStream.error (/home/noorelmobashar/Projects/SmartSpaceAI/back-end/node_modules/send/index.js:168:17)
    at SendStream.onStatError (/home/noorelmobashar/Projects/SmartSpaceAI/back-end/node_modules/send/index.js:315:12)

[2026-08-01T01:30:00.865Z] GET /uploads/room-1783892061524-30089817.jpg
Error: general.route_not_found
    at notFound (/home/noorelmobashar/Projects/SmartSpaceAI/back-end/src/middlewares/notFound.middleware.js:8:8)
    at Layer.handleRequest (/home/noorelmobashar/Projects/SmartSpaceAI/back-end/node_modules/router/lib/layer.js:152:17)
    at trimPrefix (/home/noorelmobashar/Projects/SmartSpaceAI/back-end/node_modules/router/index.js:342:13)
    at /home/noorelmobashar/Projects/SmartSpaceAI/back-end/node_modules/router/index.js:297:9
    at processParams (/home/noorelmobashar/Projects/SmartSpaceAI/back-end/node_modules/router/index.js:582:12)
    at next (/home/noorelmobashar/Projects/SmartSpaceAI/back-end/node_modules/router/index.js:291:5)
    at SendStream.error (/home/noorelmobashar/Projects/SmartSpaceAI/back-end/node_modules/serve-static/index.js:120:7)
    at SendStream.emit (node:events:519:28)
    at SendStream.error (/home/noorelmobashar/Projects/SmartSpaceAI/back-end/node_modules/send/index.js:168:17)
    at SendStream.onStatError (/home/noorelmobashar/Projects/SmartSpaceAI/back-end/node_modules/send/index.js:315:12)
